// Jest Snapshot v1, https://goo.gl/fbAQLP

exports[`Snapshot tests of constants Default port is not changed 1`] = `1255`;

exports[`Snapshot tests of constants First level HEOS response message splitter is not changed 1`] = `"&"`;

exports[`Snapshot tests of constants Second level HEOS response message splitter is not changed 1`] = `"="`;
